[0.112s][info][gc] Using Parallel
[0.777s][info][gc] GC(0) Pause Young (Allocation Failure) 4M->2M(11M) 14.405ms
[1.235s][info][gc] GC(1) Pause Young (Allocation Failure) 5M->3M(11M) 4.917ms
[1.766s][info][gc] GC(2) Pause Young (Allocation Failure) 6M->3M(11M) 2.489ms
[4.444s][info][gc] GC(3) Pause Young (Allocation Failure) 6M->4M(11M) 4.401ms
[4.561s][info][gc] GC(4) Pause Young (Allocation Failure) 7M->4M(11M) 3.045ms
[4.705s][info][gc] GC(5) Pause Young (Allocation Failure) 7M->5M(10M) 3.534ms
[4.755s][info][gc] GC(6) Pause Young (Allocation Failure) 7M->6M(11M) 4.003ms
[4.802s][info][gc] GC(7) Pause Young (Allocation Failure) 8M->6M(11M) 2.690ms
[4.821s][info][gc] GC(8) Pause Young (Allocation Failure) 8M->7M(11M) 2.951ms
[6.076s][info][gc] GC(9) Pause Young (Allocation Failure) 9M->7M(11M) 2.996ms
[6.117s][info][gc] GC(10) Pause Full (Ergonomics) 7M->4M(11M) 41.139ms
[15.102s][info][gc] GC(11) Pause Young (Allocation Failure) 6M->5M(11M) 1.158ms
[29.126s][info][gc] GC(12) Pause Young (Allocation Failure) 7M->5M(11M) 1.579ms
[44.646s][info][gc] GC(13) Pause Young (Allocation Failure) 7M->5M(11M) 0.673ms
[52.704s][info][gc] GC(14) Pause Young (Allocation Failure) 7M->6M(11M) 0.884ms
[56.428s][info][gc] GC(15) Pause Young (Allocation Failure) 8M->7M(11M) 4.340ms
[56.436s][info][gc] GC(16) Pause Young (Allocation Failure) 9M->7M(11M) 3.605ms
[56.475s][info][gc] GC(17) Pause Full (Ergonomics) 7M->6M(11M) 38.844ms
[56.483s][info][gc] GC(18) Pause Young (Allocation Failure) 8M->6M(11M) 1.577ms
[56.490s][info][gc] GC(19) Pause Young (Allocation Failure) 8M->6M(11M) 0.878ms
[56.500s][info][gc] GC(20) Pause Young (Allocation Failure) 8M->6M(11M) 0.558ms
[56.522s][info][gc] GC(21) Pause Full (Ergonomics) 6M->6M(11M) 22.563ms
[56.529s][info][gc] GC(22) Pause Young (Allocation Failure) 8M->6M(11M) 0.318ms
[56.535s][info][gc] GC(23) Pause Young (Allocation Failure) 8M->6M(11M) 0.296ms
[56.550s][info][gc] GC(24) Pause Full (Ergonomics) 6M->6M(11M) 15.149ms
[56.573s][info][gc] GC(25) Pause Full (Ergonomics) 8M->6M(11M) 19.038ms
[56.592s][info][gc] GC(26) Pause Full (Ergonomics) 8M->6M(11M) 15.009ms
[56.616s][info][gc] GC(27) Pause Full (Ergonomics) 8M->7M(11M) 19.847ms
[56.637s][info][gc] GC(28) Pause Full (Ergonomics) 9M->7M(11M) 17.619ms
[56.661s][info][gc] GC(29) Pause Full (Ergonomics) 9M->7M(11M) 18.903ms
[56.687s][info][gc] GC(30) Pause Full (Ergonomics) 9M->7M(11M) 23.809ms
[56.716s][info][gc] GC(31) Pause Full (Ergonomics) 9M->7M(11M) 23.179ms
[64.251s][info][gc] GC(32) Pause Full (Ergonomics) 9M->5M(11M) 16.289ms
[76.844s][info][gc] GC(33) Pause Young (Allocation Failure) 7M->5M(11M) 1.331ms
[84.907s][info][gc] GC(34) Pause Young (Allocation Failure) 7M->6M(11M) 0.586ms
[101.269s][info][gc] GC(35) Pause Young (Allocation Failure) 8M->6M(11M) 0.485ms
[117.303s][info][gc] GC(36) Pause Young (Allocation Failure) 8M->6M(11M) 0.413ms
[133.334s][info][gc] GC(37) Pause Young (Allocation Failure) 8M->6M(11M) 0.312ms
[149.118s][info][gc] GC(38) Pause Young (Allocation Failure) 8M->6M(11M) 0.456ms
[165.422s][info][gc] GC(39) Pause Young (Allocation Failure) 8M->6M(11M) 0.814ms
[182.115s][info][gc] GC(40) Pause Young (Allocation Failure) 8M->6M(11M) 0.413ms
[198.485s][info][gc] GC(41) Pause Young (Allocation Failure) 8M->6M(11M) 0.419ms
[215.526s][info][gc] GC(42) Pause Young (Allocation Failure) 8M->6M(11M) 0.690ms
[232.560s][info][gc] GC(43) Pause Young (Allocation Failure) 8M->6M(11M) 0.454ms
[249.593s][info][gc] GC(44) Pause Young (Allocation Failure) 8M->6M(11M) 0.727ms
[257.883s][info][gc] GC(45) Pause Young (Allocation Failure) 8M->7M(11M) 3.332ms
[274.988s][info][gc] GC(46) Pause Young (Allocation Failure) 9M->6M(11M) 0.343ms
[292.114s][info][gc] GC(47) Pause Young (Allocation Failure) 8M->6M(11M) 0.587ms
[307.733s][info][gc] GC(48) Pause Young (Allocation Failure) 8M->6M(11M) 0.648ms
[324.331s][info][gc] GC(49) Pause Young (Allocation Failure) 8M->6M(11M) 0.681ms
