[0.015s][info][gc] Using Serial
[0.725s][info][gc] GC(0) Pause Young (Allocation Failure) 4M->2M(11M) 7.885ms
[1.502s][info][gc] GC(1) Pause Young (Allocation Failure) 5M->3M(11M) 7.653ms
[2.109s][info][gc] GC(2) Pause Young (Allocation Failure) 6M->4M(11M) 7.368ms
[57.556s][info][gc] GC(3) Pause Young (Allocation Failure) 7M->4M(11M) 7.351ms
[74.657s][info][gc] GC(4) Pause Young (Allocation Failure) 7M->4M(11M) 5.410ms
[74.807s][info][gc] GC(5) Pause Young (Allocation Failure) 8M->5M(11M) 4.140ms
[74.873s][info][gc] GC(6) Pause Young (Allocation Failure) 8M->6M(11M) 5.871ms
[74.950s][info][gc] GC(7) Pause Young (Allocation Failure) 9M->6M(11M) 2.469ms
[83.308s][info][gc] GC(8) Pause Young (Allocation Failure) 9M->9M(11M) 0.054ms
[83.356s][info][gc] GC(9) Pause Full (Allocation Failure) 9M->5M(11M) 48.015ms
[110.326s][info][gc] GC(10) Pause Young (Allocation Failure) 8M->5M(11M) 1.710ms
[142.384s][info][gc] GC(11) Pause Young (Allocation Failure) 8M->5M(11M) 2.301ms
[175.449s][info][gc] GC(12) Pause Young (Allocation Failure) 8M->5M(11M) 1.513ms
[201.515s][info][gc] GC(13) Pause Young (Allocation Failure) 8M->5M(11M) 0.907ms
[233.579s][info][gc] GC(14) Pause Young (Allocation Failure) 8M->5M(11M) 1.065ms
[262.648s][info][gc] GC(15) Pause Young (Allocation Failure) 8M->5M(11M) 1.010ms
[281.686s][info][gc] GC(16) Pause Young (Allocation Failure) 8M->6M(11M) 2.001ms
[308.206s][info][gc] GC(17) Pause Young (Allocation Failure) 9M->6M(11M) 1.348ms
[336.193s][info][gc] GC(18) Pause Young (Allocation Failure) 9M->6M(11M) 3.710ms
[369.846s][info][gc] GC(19) Pause Young (Allocation Failure) 9M->6M(11M) 1.401ms
[387.172s][info][gc] GC(20) Pause Young (Allocation Failure) 9M->7M(11M) 7.351ms
[387.187s][info][gc] GC(21) Pause Young (Allocation Failure) 10M->10M(11M) 0.073ms
[387.279s][info][gc] GC(22) Pause Full (Allocation Failure) 10M->6M(11M) 92.056ms
[387.288s][info][gc] GC(23) Pause Young (Allocation Failure) 10M->10M(11M) 0.049ms
[387.307s][info][gc] GC(24) Pause Full (Allocation Failure) 10M->6M(11M) 18.673ms
[387.313s][info][gc] GC(25) Pause Young (Allocation Failure) 10M->10M(11M) 0.034ms
[387.334s][info][gc] GC(26) Pause Full (Allocation Failure) 10M->6M(11M) 20.886ms
[387.342s][info][gc] GC(27) Pause Young (Allocation Failure) 9M->9M(11M) 0.147ms
[387.357s][info][gc] GC(28) Pause Full (Allocation Failure) 9M->7M(11M) 15.461ms
[387.389s][info][gc] GC(29) Pause Young (Allocation Failure) 10M->10M(11M) 0.091ms
[387.421s][info][gc] GC(30) Pause Full (Allocation Failure) 10M->7M(11M) 30.096ms
[387.453s][info][gc] GC(31) Pause Young (Allocation Failure) 10M->10M(11M) 0.068ms
[387.477s][info][gc] GC(32) Pause Full (Allocation Failure) 10M->7M(11M) 23.506ms
[387.485s][info][gc] GC(33) Pause Young (Allocation Failure) 10M->10M(11M) 0.048ms
[387.504s][info][gc] GC(34) Pause Full (Allocation Failure) 10M->7M(11M) 18.875ms
[387.508s][info][gc] GC(35) Pause Young (Allocation Failure) 10M->10M(11M) 0.037ms
[387.524s][info][gc] GC(36) Pause Full (Allocation Failure) 10M->7M(11M) 16.241ms
[397.912s][info][gc] GC(37) Pause Young (Allocation Failure) 10M->10M(11M) 0.063ms
[397.933s][info][gc] GC(38) Pause Full (Allocation Failure) 10M->5M(11M) 19.375ms
[426.374s][info][gc] GC(39) Pause Young (Allocation Failure) 8M->5M(11M) 1.408ms
[455.060s][info][gc] GC(40) Pause Young (Allocation Failure) 8M->5M(11M) 0.534ms
[489.104s][info][gc] GC(41) Pause Young (Allocation Failure) 8M->5M(11M) 0.772ms
[523.182s][info][gc] GC(42) Pause Young (Allocation Failure) 8M->5M(11M) 2.421ms
[554.932s][info][gc] GC(43) Pause Young (Allocation Failure) 8M->5M(11M) 0.485ms
[583.124s][info][gc] GC(44) Pause Young (Allocation Failure) 8M->5M(11M) 0.730ms
[604.104s][info][gc] GC(45) Pause Young (Allocation Failure) 8M->5M(11M) 1.465ms
[623.410s][info][gc] GC(46) Pause Young (Allocation Failure) 8M->5M(11M) 1.046ms
[651.465s][info][gc] GC(47) Pause Young (Allocation Failure) 8M->5M(11M) 1.726ms
[681.520s][info][gc] GC(48) Pause Young (Allocation Failure) 8M->5M(11M) 1.026ms
[714.586s][info][gc] GC(49) Pause Young (Allocation Failure) 8M->5M(11M) 0.980ms
[743.317s][info][gc] GC(50) Pause Young (Allocation Failure) 8M->5M(11M) 0.762ms
[771.723s][info][gc] GC(51) Pause Young (Allocation Failure) 8M->5M(11M) 2.152ms
[803.811s][info][gc] GC(52) Pause Young (Allocation Failure) 8M->5M(11M) 0.867ms
[826.870s][info][gc] GC(53) Pause Young (Allocation Failure) 8M->6M(11M) 4.486ms
[855.939s][info][gc] GC(54) Pause Young (Allocation Failure) 9M->6M(11M) 1.055ms
[887.019s][info][gc] GC(55) Pause Young (Allocation Failure) 9M->6M(11M) 0.803ms
[919.853s][info][gc] GC(56) Pause Young (Allocation Failure) 9M->6M(11M) 0.723ms
[950.369s][info][gc] GC(57) Pause Young (Allocation Failure) 9M->6M(11M) 0.803ms
[977.513s][info][gc] GC(58) Pause Young (Allocation Failure) 9M->6M(11M) 1.095ms
[1006.266s][info][gc] GC(59) Pause Young (Allocation Failure) 9M->6M(11M) 0.952ms
[1035.314s][info][gc] GC(60) Pause Young (Allocation Failure) 9M->6M(11M) 0.844ms
[1066.397s][info][gc] GC(61) Pause Young (Allocation Failure) 9M->6M(11M) 0.570ms
[1095.476s][info][gc] GC(62) Pause Young (Allocation Failure) 9M->6M(11M) 0.849ms
[1124.535s][info][gc] GC(63) Pause Young (Allocation Failure) 9M->6M(11M) 1.820ms
[1153.602s][info][gc] GC(64) Pause Young (Allocation Failure) 9M->6M(11M) 0.897ms
[1182.552s][info][gc] GC(65) Pause Young (Allocation Failure) 9M->6M(11M) 0.737ms
[1210.683s][info][gc] GC(66) Pause Young (Allocation Failure) 9M->6M(11M) 0.956ms
[1239.062s][info][gc] GC(67) Pause Young (Allocation Failure) 9M->6M(11M) 0.520ms
