[0.068s][info][gc] Using G1
[2.145s][info][gc] GC(0) Pause Young (Normal) (G1 Evacuation Pause) 6M->3M(12M) 7.012ms
[2.294s][info][gc] GC(1) Pause Young (Normal) (G1 Evacuation Pause) 4M->3M(12M) 3.254ms
[2.352s][info][gc] GC(2) Pause Young (Normal) (G1 Evacuation Pause) 4M->3M(12M) 1.263ms
[2.495s][info][gc] GC(3) Pause Young (Normal) (G1 Evacuation Pause) 5M->3M(12M) 1.141ms
[4.236s][info][gc] GC(4) Pause Young (Normal) (G1 Evacuation Pause) 5M->4M(12M) 2.858ms
[9.231s][info][gc] GC(5) Pause Young (Normal) (G1 Evacuation Pause) 6M->4M(12M) 4.340ms
[9.378s][info][gc] GC(6) Pause Young (Concurrent Start) (G1 Evacuation Pause) 6M->4M(12M) 3.055ms
[9.378s][info][gc] GC(7) Concurrent Mark Cycle
[9.397s][info][gc] GC(7) Pause Remark 5M->5M(12M) 3.839ms
[9.412s][info][gc] GC(7) Pause Cleanup 5M->5M(12M) 0.050ms
[9.423s][info][gc] GC(7) Concurrent Mark Cycle 44.061ms
[9.860s][info][gc] GC(8) Pause Young (Prepare Mixed) (G1 Evacuation Pause) 6M->5M(12M) 2.339ms
[10.113s][info][gc] GC(9) Pause Young (Mixed) (G1 Evacuation Pause) 7M->5M(12M) 3.273ms
[10.383s][info][gc] GC(10) Pause Young (Normal) (G1 Evacuation Pause) 8M->5M(12M) 1.781ms
[13.447s][info][gc] GC(11) Pause Young (Concurrent Start) (G1 Evacuation Pause) 8M->5M(12M) 1.451ms
[13.447s][info][gc] GC(12) Concurrent Mark Cycle
[13.471s][info][gc] GC(12) Pause Remark 5M->5M(12M) 6.137ms
[13.488s][info][gc] GC(12) Pause Cleanup 5M->5M(12M) 0.069ms
[13.488s][info][gc] GC(12) Concurrent Mark Cycle 40.632ms
[19.696s][info][gc] GC(13) Pause Young (Prepare Mixed) (G1 Evacuation Pause) 8M->5M(12M) 2.661ms
[37.944s][info][gc] GC(14) Pause Young (Mixed) (G1 Evacuation Pause) 8M->5M(12M) 3.484ms
[50.699s][info][gc] GC(15) Pause Young (Concurrent Start) (G1 Humongous Allocation) 6M->5M(12M) 5.435ms
[50.699s][info][gc] GC(16) Concurrent Mark Cycle
[50.735s][info][gc] GC(16) Pause Remark 6M->6M(12M) 8.167ms
[50.750s][info][gc] GC(16) Pause Cleanup 6M->6M(12M) 0.075ms
[50.751s][info][gc] GC(16) Concurrent Mark Cycle 51.378ms
[57.145s][info][gc] GC(17) Pause Young (Prepare Mixed) (G1 Evacuation Pause) 10M->7M(12M) 14.805ms
[57.160s][info][gc] GC(18) Pause Young (Mixed) (G1 Evacuation Pause) (Evacuation Failure) 10M->8M(12M) 7.268ms
[57.163s][info][gc] GC(19) Pause Young (Concurrent Start) (G1 Evacuation Pause) 9M->8M(12M) 1.174ms
[57.163s][info][gc] GC(20) Concurrent Mark Cycle
[57.166s][info][gc] GC(21) Pause Young (Normal) (G1 Evacuation Pause) 9M->8M(12M) 0.563ms
[57.170s][info][gc] GC(22) Pause Young (Normal) (G1 Evacuation Pause) 9M->8M(12M) 0.597ms
[57.176s][info][gc] GC(23) Pause Young (Normal) (G1 Evacuation Pause) 9M->8M(12M) 1.192ms
[57.183s][info][gc] GC(24) Pause Young (Normal) (G1 Evacuation Pause) 9M->8M(12M) 1.681ms
[57.193s][info][gc] GC(25) Pause Young (Normal) (G1 Evacuation Pause) 9M->8M(12M) 2.030ms
[57.200s][info][gc] GC(20) Pause Remark 8M->8M(12M) 6.327ms
[57.203s][info][gc] GC(26) Pause Young (Normal) (G1 Evacuation Pause) 9M->8M(12M) 0.613ms
[57.209s][info][gc] GC(27) Pause Young (Normal) (G1 Evacuation Pause) 9M->8M(12M) 0.710ms
[57.209s][info][gc] GC(20) Pause Cleanup 8M->8M(12M) 0.046ms
[57.209s][info][gc] GC(20) Concurrent Mark Cycle 46.527ms
[57.212s][info][gc] GC(28) Pause Young (Prepare Mixed) (G1 Evacuation Pause) 9M->8M(12M) 0.804ms
[57.219s][info][gc] GC(29) Pause Young (Mixed) (G1 Evacuation Pause) 9M->7M(12M) 1.261ms
[57.225s][info][gc] GC(30) Pause Young (Concurrent Start) (G1 Evacuation Pause) 8M->7M(12M) 3.123ms
[57.225s][info][gc] GC(31) Concurrent Mark Cycle
[57.234s][info][gc] GC(32) Pause Young (Normal) (G1 Evacuation Pause) 8M->7M(12M) 0.934ms
[57.240s][info][gc] GC(33) Pause Young (Normal) (G1 Evacuation Pause) 8M->7M(12M) 1.177ms
[57.246s][info][gc] GC(34) Pause Young (Normal) (G1 Evacuation Pause) 8M->7M(12M) 1.113ms
[57.249s][info][gc] GC(35) Pause Young (Normal) (G1 Evacuation Pause) 8M->7M(12M) 0.628ms
[57.252s][info][gc] GC(36) Pause Young (Normal) (G1 Evacuation Pause) 8M->8M(12M) 0.797ms
[57.254s][info][gc] GC(31) Pause Remark 8M->8M(12M) 2.011ms
[57.258s][info][gc] GC(37) Pause Young (Normal) (G1 Evacuation Pause) 9M->8M(12M) 1.021ms
[57.262s][info][gc] GC(38) Pause Young (Normal) (G1 Evacuation Pause) 9M->8M(12M) 0.752ms
[57.264s][info][gc] GC(39) Pause Young (Normal) (G1 Evacuation Pause) 9M->8M(12M) 0.681ms
[57.265s][info][gc] GC(31) Pause Cleanup 8M->8M(12M) 0.034ms
[57.265s][info][gc] GC(31) Concurrent Mark Cycle 40.445ms
[57.267s][info][gc] GC(40) Pause Young (Prepare Mixed) (G1 Evacuation Pause) 9M->8M(12M) 0.789ms
[57.271s][info][gc] GC(41) Pause Young (Mixed) (G1 Evacuation Pause) 9M->8M(12M) 3.039ms
[57.274s][info][gc] GC(42) Pause Young (Concurrent Start) (G1 Evacuation Pause) 8M->8M(12M) 0.911ms
[57.274s][info][gc] GC(43) Concurrent Mark Cycle
[57.288s][info][gc] GC(43) Pause Remark 9M->9M(12M) 1.675ms
[57.292s][info][gc] GC(43) Pause Cleanup 9M->9M(12M) 0.049ms
[57.292s][info][gc] GC(43) Concurrent Mark Cycle 17.697ms
[57.831s][info][gc] GC(44) Pause Young (Prepare Mixed) (G1 Evacuation Pause) 10M->6M(12M) 1.131ms
[71.021s][info][gc] GC(45) Pause Young (Mixed) (G1 Evacuation Pause) 8M->6M(12M) 4.725ms
[87.009s][info][gc] GC(46) Pause Young (Concurrent Start) (G1 Evacuation Pause) 8M->6M(12M) 25.757ms
[87.009s][info][gc] GC(47) Concurrent Mark Cycle
[87.049s][info][gc] GC(47) Pause Remark 6M->6M(12M) 5.794ms
[87.085s][info][gc] GC(47) Pause Cleanup 6M->6M(12M) 0.698ms
[87.085s][info][gc] GC(47) Concurrent Mark Cycle 76.022ms
[99.935s][info][gc] GC(48) Pause Young (Prepare Mixed) (G1 Evacuation Pause) 9M->7M(12M) 1.281ms
[107.945s][info][gc] GC(49) Pause Young (Mixed) (G1 Evacuation Pause) 8M->7M(12M) 2.606ms
[115.501s][info][gc] GC(50) Pause Young (Concurrent Start) (G1 Evacuation Pause) 8M->7M(12M) 0.834ms
[115.501s][info][gc] GC(51) Concurrent Mark Cycle
[115.513s][info][gc] GC(51) Pause Remark 7M->7M(12M) 1.767ms
[115.517s][info][gc] GC(51) Pause Cleanup 7M->7M(12M) 0.034ms
[115.517s][info][gc] GC(51) Concurrent Mark Cycle 16.556ms
[122.981s][info][gc] GC(52) Pause Young (Prepare Mixed) (G1 Evacuation Pause) 8M->7M(12M) 0.853ms
[130.589s][info][gc] GC(53) Pause Young (Mixed) (G1 Evacuation Pause) 8M->6M(12M) 2.859ms
[145.043s][info][gc] GC(54) Pause Young (Concurrent Start) (G1 Evacuation Pause) 8M->6M(12M) 1.203ms
[145.043s][info][gc] GC(55) Concurrent Mark Cycle
[145.057s][info][gc] GC(55) Pause Remark 7M->7M(12M) 2.148ms
[145.060s][info][gc] GC(55) Pause Cleanup 7M->7M(12M) 0.038ms
[145.061s][info][gc] GC(55) Concurrent Mark Cycle 17.343ms
[160.820s][info][gc] GC(56) Pause Young (Normal) (G1 Evacuation Pause) 8M->6M(12M) 2.370ms
[176.111s][info][gc] GC(57) Pause Young (Concurrent Start) (G1 Evacuation Pause) 8M->7M(12M) 3.060ms
[176.111s][info][gc] GC(58) Concurrent Mark Cycle
[176.140s][info][gc] GC(58) Pause Remark 7M->7M(12M) 7.847ms
[176.147s][info][gc] GC(58) Pause Cleanup 7M->7M(12M) 0.052ms
[176.147s][info][gc] GC(58) Concurrent Mark Cycle 36.276ms
[191.142s][info][gc] GC(59) Pause Young (Normal) (G1 Evacuation Pause) 9M->7M(12M) 0.849ms
[207.181s][info][gc] GC(60) Pause Young (Concurrent Start) (G1 Evacuation Pause) 9M->6M(12M) 0.844ms
[207.181s][info][gc] GC(61) Concurrent Mark Cycle
[207.194s][info][gc] GC(61) Pause Remark 7M->7M(12M) 1.802ms
[207.198s][info][gc] GC(61) Pause Cleanup 7M->7M(12M) 0.043ms
[207.198s][info][gc] GC(61) Concurrent Mark Cycle 16.802ms
[224.390s][info][gc] GC(62) Pause Young (Normal) (G1 Evacuation Pause) 8M->6M(12M) 6.910ms
[241.096s][info][gc] GC(63) Pause Young (Concurrent Start) (G1 Evacuation Pause) 8M->6M(12M) 7.565ms
[241.096s][info][gc] GC(64) Concurrent Mark Cycle
[241.155s][info][gc] GC(64) Pause Remark 7M->7M(12M) 8.151ms
[241.174s][info][gc] GC(64) Pause Cleanup 7M->7M(12M) 0.074ms
[241.185s][info][gc] GC(64) Concurrent Mark Cycle 88.795ms
[256.895s][info][gc] GC(65) Pause Young (Normal) (G1 Evacuation Pause) 8M->6M(12M) 1.235ms
[273.338s][info][gc] GC(66) Pause Young (Concurrent Start) (G1 Evacuation Pause) 8M->6M(12M) 0.994ms
[273.338s][info][gc] GC(67) Concurrent Mark Cycle
[273.352s][info][gc] GC(67) Pause Remark 7M->7M(12M) 1.977ms
[273.356s][info][gc] GC(67) Pause Cleanup 7M->7M(12M) 0.040ms
[273.356s][info][gc] GC(67) Concurrent Mark Cycle 17.936ms
[288.959s][info][gc] GC(68) Pause Young (Normal) (G1 Evacuation Pause) 8M->5M(12M) 1.168ms
[291.149s][info][gc] GC(69) Pause Young (Concurrent Start) (G1 Humongous Allocation) 6M->5M(12M) 5.044ms
[291.150s][info][gc] GC(70) Concurrent Mark Cycle
[291.201s][info][gc] GC(70) Pause Remark 6M->6M(12M) 22.268ms
[291.209s][info][gc] GC(70) Pause Cleanup 6M->6M(12M) 0.018ms
[291.210s][info][gc] GC(70) Concurrent Mark Cycle 59.722ms
[314.424s][info][gc] GC(71) Pause Young (Normal) (G1 Evacuation Pause) 9M->6M(12M) 1.554ms
